Result(
<netui:span value="${pageInput.getTests6}"></netui:span>
<netui:span value="${pageInput.getTests2}"></netui:span>
)