TEST 8 ADDS A TAB, COMMAS, BRACES, QUOTES, BACKSLASHES, AND TAGS
	,,,[]{}""''//\\??<></>TEST 5 INSERTS TEXT BEFORE
THE FIRST LINE OF TEXT
TEST 7 REPLACES THAT SAME LINE OF TEXT
SO YOU SHOULD NO LONGER SEE ITTEST 6 INSERTS TEXT
AFTER THAT SAME LINE OF TEXT
LINE TWO OF TEXT
LINE THREE OF TEXT
LINE FOURTEST 4 STARTS LINE 4 COLUMN 10
AND TYPES TWO LINES OF TEXT
 OF TEXT
LINE FIVE OF TEXT
LINE SIX OF TEXT
